
> ai-mse@0.1.0 build
> next build

  Γû▓ Next.js 14.2.5

   Creating an optimized production build ...
node.exe : 
At C:\Program Files\nod
ejs\npm.ps1:29 char:3
+   & $NODE_EXE 
$NPM_CLI_JS $args
+   ~~~~~~~~~~~~~~~~~~~
~~~~~~~~~~
    + CategoryInfo     
         : NotSpecifi  
  ed: (:String) [],    
 RemoteException
    + FullyQualifiedEr 
   rorId : NativeComm  
  andError
 
> Build error occurred
Error: Page config in C
:\Users\HP\Downloads\ai
-mse-prototype\ai-mse\a
pp/api/transcribe/route
.ts is deprecated. 
Replace `export const 
config=ΓÇª` with the 
following:
Visit https://nextjs.or
g/docs/app/api-referenc
e/file-conventions/rout
e-segment-config for 
more information.
    at 
getPageStaticInfo (C:\U
sers\HP\Downloads\ai-ms
e-prototype\ai-mse\node
_modules\next\dist\buil
d\analysis\get-page-sta
tic-info.js:425:27)
    at async getStaticI
nfoIncludingLayouts (C:
\Users\HP\Downloads\ai-
mse-prototype\ai-mse\no
de_modules\next\dist\bu
ild\entries.js:108:28)
    at async C:\Users\H
P\Downloads\ai-mse-prot
otype\ai-mse\node_modul
es\next\dist\build\entr
ies.js:411:32
    at async 
Promise.all (index 4)
    at async 
Promise.all (index 0)
    at async 
createEntrypoints (C:\U
sers\HP\Downloads\ai-ms
e-prototype\ai-mse\node
_modules\next\dist\buil
d\entries.js:551:5)
    at async 
Span.traceAsyncFn (C:\U
sers\HP\Downloads\ai-ms
e-prototype\ai-mse\node
_modules\next\dist\trac
e\trace.js:154:20)
    at async 
webpackBuildImpl (C:\Us
ers\HP\Downloads\ai-mse
-prototype\ai-mse\node_
modules\next\dist\build
\webpack-build\impl.js:
104:25)
    at async 
Object.workerMain (C:\U
sers\HP\Downloads\ai-ms
e-prototype\ai-mse\node
_modules\next\dist\buil
d\webpack-build\impl.js
:326:20) {
  type: 'Error'
}
