Testing connection with URL: https://jyewfipikrrsjgmvpcgu.supabase.co
Creating new user...
node.exe : Failed 
test: AuthApiError: 
This endpoint requires 
a valid Bearer token
At C:\Program Files\nod
ejs\npx.ps1:29 char:3
+   & $NODE_EXE 
$NPX_CLI_JS $args
+   ~~~~~~~~~~~~~~~~~~~
~~~~~~~~~~
    + CategoryInfo     
         : NotSpecifi  
  ed: (Failed test:    
 Au...id Bearer tok    
en:String) [], Rem    
oteException
    + FullyQualifiedEr 
   rorId : NativeComm  
  andError
 
    at handleError (C:\
Users\HP\Downloads\ai-m
se-prototype\ai-mse\nod
e_modules\@supabase\aut
h-js\src\lib\fetch.ts:1
02:9)
    at process.processT
icksAndRejections (node
:internal/process/task_
queues:105:5)
    at async 
_handleRequest (C:\User
s\HP\Downloads\ai-mse-p
rototype\ai-mse\node_mo
dules\@supabase\auth-js
\src\lib\fetch.ts:195:5
)
    at async _request (
C:\Users\HP\Downloads\a
i-mse-prototype\ai-mse\
node_modules\@supabase\
auth-js\src\lib\fetch.t
s:157:16)
    at async GoTrueAdmi
nApi.createUser (C:\Use
rs\HP\Downloads\ai-mse-
prototype\ai-mse\node_m
odules\@supabase\auth-j
s\src\GoTrueAdminApi.ts
:210:14)
    at async run (C:\Us
ers\HP\Downloads\ai-mse
-prototype\ai-mse\scrip
ts\test_user.ts:21:31) 
{
  __isAuthError: true,
  status: 401,
  code: 
'no_authorization'
}
